// Jest Snapshot v1, https://goo.gl/fbAQLP

exports[`GroupTable component test should match snapshot 1`] = `
<div>
  <h3>
    Group A
  </h3>
  <div
    className=""
    onClick={[Function]}
  >
    India
  </div>
  <div
    className=""
    onClick={[Function]}
  >
    Pakistan
  </div>
  <div
    className=""
    onClick={[Function]}
  >
    Sri Lanka
  </div>
</div>
`;
